Archive member included because of file (symbol)

contiki-exp5438.a(atom.o)     sdn-controller.co (atom_init)
contiki-exp5438.a(atom-buffer.o)
                              contiki-exp5438.a(atom.o) (atom_buffer_init)
contiki-exp5438.a(atom-net.o)
                              contiki-exp5438.a(atom.o) (atom_net_init)
contiki-exp5438.a(atom-sb-usdn.o)
                              sdn-controller.co (sb_usdn)
contiki-exp5438.a(atom-sb-rpl.o)
                              sdn-controller.co (sb_rpl)
contiki-exp5438.a(atom-app-route-)
                              sdn-controller.co (app_route_sp)
contiki-exp5438.a(atom-app-route-)
                              sdn-controller.co (app_route_rpl)
contiki-exp5438.a(atom-app-join-c)
                              sdn-controller.co (app_join_cfg)
contiki-exp5438.a(msp430.o)   sdn-controller.co (w_memcpy)
contiki-exp5438.a(leds.o)     obj_exp5438/contiki-exp5438-main.o (leds_init)
contiki-exp5438.a(watchdog.o)
                              obj_exp5438/contiki-exp5438-main.o (watchdog_start)
contiki-exp5438.a(cc2420.o)   obj_exp5438/contiki-exp5438-main.o (cc2420_set_pan_addr)
contiki-exp5438.a(cc2420-arch.o)
                              contiki-exp5438.a(cc2420.o) (cc2420_arch_init)
contiki-exp5438.a(rtimer-arch.o)
                              obj_exp5438/contiki-exp5438-main.o (rtimer_arch_now)
contiki-exp5438.a(node-id.o)  obj_exp5438/contiki-exp5438-main.o (node_mac)
contiki-exp5438.a(leds-arch.o)
                              contiki-exp5438.a(leds.o) (leds_arch_init)
contiki-exp5438.a(uart1x.o)   obj_exp5438/contiki-exp5438-main.o (uart1_active)
contiki-exp5438.a(lcd.o)      obj_exp5438/contiki-exp5438-main.o (lcd_init)
contiki-exp5438.a(duty-cycle-scro)
                              obj_exp5438/contiki-exp5438-main.o (duty_cycle_scroller_start)
contiki-exp5438.a(uart1-putchar.o)
                              obj_exp5438/contiki-exp5438-main.o (putchar)
contiki-exp5438.a(clock.o)    obj_exp5438/contiki-exp5438-main.o (clock_init)
contiki-exp5438.a(sdn-conf.o)
                              obj_exp5438/sdn-stats.o (SDN_CONF)
contiki-exp5438.a(sdn.o)      sdn-controller.co (sdn_init)
contiki-exp5438.a(usdn-adapter.o)
                              contiki-exp5438.a(sdn.o) (usdn_adapter)
contiki-exp5438.a(usdn-driver.o)
                              sdn-controller.co (usdn_driver)
contiki-exp5438.a(usdn-engine.o)
                              sdn-controller.co (usdn_engine)
contiki-exp5438.a(autostart.o)
                              obj_exp5438/contiki-exp5438-main.o (autostart_start)
contiki-exp5438.a(ctimer.o)   obj_exp5438/contiki-exp5438-main.o (ctimer_init)
contiki-exp5438.a(etimer.o)   contiki-exp5438.a(clock.o) (etimer_request_poll)
contiki-exp5438.a(log-ng.o)   contiki-exp5438.a(atom-net.o) (log_6addr)
contiki-exp5438.a(process.o)  contiki-exp5438.a(usdn-adapter.o) (process_current)
contiki-exp5438.a(rtimer.o)   obj_exp5438/contiki-exp5438-main.o (rtimer_init)
contiki-exp5438.a(energest.o)
                              obj_exp5438/contiki-exp5438-main.o (energest_init)
contiki-exp5438.a(timer.o)    contiki-exp5438.a(etimer.o) (timer_set)
contiki-exp5438.a(list.o)     contiki-exp5438.a(atom-buffer.o) (list_init)
contiki-exp5438.a(memb.o)     contiki-exp5438.a(atom-buffer.o) (memb_init)
contiki-exp5438.a(random.o)   contiki-exp5438.a(atom.o) (random_rand)
contiki-exp5438.a(uip-ds6.o)  contiki-exp5438.a(usdn-driver.o) (uip_ds6_is_addr_onlink)
contiki-exp5438.a(uip-ds6-route.o)
                              contiki-exp5438.a(uip-ds6.o) (uip_ds6_route_init)
contiki-exp5438.a(uip6.o)     sdn-controller.co (uip_aligned_buf)
contiki-exp5438.a(uip-ds6-nbr.o)
                              contiki-exp5438.a(sdn.o) (ds6_neighbors)
contiki-exp5438.a(uip-nd6.o)  contiki-exp5438.a(uip6.o) (uip_nd6_init)
contiki-exp5438.a(sicslowpan.o)
                              obj_exp5438/contiki-exp5438-main.o (sicslowpan_driver)
contiki-exp5438.a(uip-udp-packet.)
                              contiki-exp5438.a(usdn-adapter.o) (uip_udp_packet_sendto)
contiki-exp5438.a(tcpip.o)    contiki-exp5438.a(usdn-driver.o) (tcpip_output)
contiki-exp5438.a(simple-udp.o)
                              contiki-exp5438.a(atom-sb-usdn.o) (simple_udp_sendto)
contiki-exp5438.a(uip-debug.o)
                              contiki-exp5438.a(uip6.o) (uip_debug_ipaddr_print)
contiki-exp5438.a(rpl-ext-header.)
                              contiki-exp5438.a(uip6.o) (rpl_verify_hbh_header)
contiki-exp5438.a(rpl.o)      contiki-exp5438.a(uip-ds6-nbr.o) (rpl_link_neighbor_callback)
contiki-exp5438.a(rpl-ns.o)   contiki-exp5438.a(atom-app-route-) (rpl_ns_get_node)
contiki-exp5438.a(rpl-dag.o)  contiki-exp5438.a(rpl-ext-header.) (rpl_parents)
contiki-exp5438.a(rpl-dag-root.o)
                              contiki-exp5438.a(sdn.o) (rpl_dag_root_is_root)
contiki-exp5438.a(queuebuf.o)
                              obj_exp5438/contiki-exp5438-main.o (queuebuf_init)
contiki-exp5438.a(nbr-table.o)
[...]
Memory Configuration

Name             Origin             Length             Attributes
sfr              0x0000000000000000 0x0000000000000010
peripheral_8bit  0x0000000000000010 0x00000000000000f0
peripheral_16bit 0x0000000000000100 0x0000000000000100
bsl              0x0000000000001000 0x0000000000000800
infomem          0x0000000000001800 0x0000000000000200
infod            0x0000000000001800 0x0000000000000080
infoc            0x0000000000001880 0x0000000000000080
infob            0x0000000000001900 0x0000000000000080
infoa            0x0000000000001980 0x0000000000000080
ram              0x0000000000001c00 0x0000000000004000 xw
rom              0x0000000000005c00 0x000000000000a380 xr
vectors          0x000000000000ff80 0x0000000000000080
far_rom          0x0000000000010000 0x0000000000035c00
ram2             0x0000000000000000 0x0000000000000000 xw
ram_mirror       0x0000000000000000 0x0000000000000000 xw
usbram           0x0000000000000000 0x0000000000000000 xw
*default*        0x0000000000000000 0xffffffffffffffff

Linker script and memory map

LOAD /opt/compilers/mspgcc-4.7.3/bin/../lib/gcc/msp430/4.7.3/mcpu-430x/mmpy-16/msr20/mc20/crt0ivtbl64.o
LOAD sdn-controller.co
LOAD obj_exp5438/sdn-stats.o
LOAD obj_exp5438/contiki-exp5438-main.o
LOAD contiki-exp5438.a
LOAD /opt/compilers/mspgcc-4.7.3/bin/../lib/gcc/msp430/4.7.3/mcpu-430x/mmpy-16/msr20/mc20/libgcc.a
LOAD /opt/compilers/mspgcc-4.7.3/bin/../lib/gcc/msp430/4.7.3/../../../../msp430/lib/mcpu-430x/mmpy-16/msr20/mc20/libc.a
LOAD /opt/compilers/mspgcc-4.7.3/bin/../lib/gcc/msp430/4.7.3/mcpu-430x/mmpy-16/msr20/mc20/libgcc.a
LOAD /opt/compilers/mspgcc-4.7.3/bin/../lib/gcc/msp430/4.7.3/mcpu-430x/mmpy-16/msr20/mc20/libcrt0.a
                0x0000000000000080                PROVIDE (__info_segment_size, 0x80)
                0x0000000000001800                PROVIDE (__infod, 0x1800)
                0x0000000000001880                PROVIDE (__infoc, 0x1880)
                0x0000000000001900                PROVIDE (__infob, 0x1900)
                0x0000000000001980                PROVIDE (__infoa, 0x1980)
                0x0000000000000700                __ADC12CTL0_L = 0x700
                0x0000000000000701                __ADC12CTL0_H = 0x701
                0x0000000000000700                __ADC12CTL0 = 0x700
                0x0000000000000702                __ADC12CTL1_L = 0x702
                0x0000000000000703                __ADC12CTL1_H = 0x703
                0x0000000000000702                __ADC12CTL1 = 0x702
                0x0000000000000704                __ADC12CTL2_L = 0x704
                0x0000000000000705                __ADC12CTL2_H = 0x705
                0x0000000000000704                __ADC12CTL2 = 0x704
                0x000000000000070a                __ADC12IFG_L = 0x70a
                0x000000000000070b                __ADC12IFG_H = 0x70b
                0x000000000000070a                __ADC12IFG = 0x70a
                0x000000000000070c                __ADC12IE_L = 0x70c
                0x000000000000070d                __ADC12IE_H = 0x70d
                0x000000000000070c                __ADC12IE = 0x70c
                0x000000000000070e                __ADC12IV_L = 0x70e
                0x000000000000070f                __ADC12IV_H = 0x70f
                0x000000000000070e                __ADC12IV = 0x70e
                0x0000000000000720                __ADC12MEM0_L = 0x720
                0x0000000000000721                __ADC12MEM0_H = 0x721
                0x0000000000000720                __ADC12MEM0 = 0x720
                0x0000000000000722                __ADC12MEM1_L = 0x722
                0x0000000000000723                __ADC12MEM1_H = 0x723
                0x0000000000000722                __ADC12MEM1 = 0x722
                0x0000000000000724                __ADC12MEM2_L = 0x724
                0x0000000000000725                __ADC12MEM2_H = 0x725
                0x0000000000000724                __ADC12MEM2 = 0x724
                0x0000000000000726                __ADC12MEM3_L = 0x726
                0x0000000000000727                __ADC12MEM3_H = 0x727
                0x0000000000000726                __ADC12MEM3 = 0x726
                0x0000000000000728                __ADC12MEM4_L = 0x728
                0x0000000000000729                __ADC12MEM4_H = 0x729
                0x0000000000000728                __ADC12MEM4 = 0x728
                0x000000000000072a                __ADC12MEM5_L = 0x72a
                0x000000000000072b                __ADC12MEM5_H = 0x72b
                0x000000000000072a                __ADC12MEM5 = 0x72a
                0x000000000000072c                __ADC12MEM6_L = 0x72c
                0x000000000000072d                __ADC12MEM6_H = 0x72d
                0x000000000000072c                __ADC12MEM6 = 0x72c
                0x000000000000072e                __ADC12MEM7_L = 0x72e
                0x000000000000072f                __ADC12MEM7_H = 0x72f
                0x000000000000072e                __ADC12MEM7 = 0x72e
                0x0000000000000730                __ADC12MEM8_L = 0x730
                0x0000000000000731                __ADC12MEM8_H = 0x731
                0x0000000000000730                __ADC12MEM8 = 0x730
                0x0000000000000732                __ADC12MEM9_L = 0x732
                0x0000000000000733                __ADC12MEM9_H = 0x733
                0x0000000000000732                __ADC12MEM9 = 0x732
                0x0000000000000734                __ADC12MEM10_L = 0x734
                0x0000000000000735                __ADC12MEM10_H = 0x735
                0x0000000000000734                __ADC12MEM10 = 0x734
                0x0000000000000736                __ADC12MEM11_L = 0x736
                0x0000000000000737                __ADC12MEM11_H = 0x737
                0x0000000000000736                __ADC12MEM11 = 0x736
                0x0000000000000738                __ADC12MEM12_L = 0x738
                0x0000000000000739                __ADC12MEM12_H = 0x739
                0x0000000000000738                __ADC12MEM12 = 0x738
                0x000000000000073a                __ADC12MEM13_L = 0x73a
                0x000000000000073b                __ADC12MEM13_H = 0x73b
                0x000000000000073a                __ADC12MEM13 = 0x73a
                0x000000000000073c                __ADC12MEM14_L = 0x73c
                0x000000000000073d                __ADC12MEM14_H = 0x73d
                0x000000000000073c                __ADC12MEM14 = 0x73c
                0x000000000000073e                __ADC12MEM15_L = 0x73e
                0x000000000000073f                __ADC12MEM15_H = 0x73f
                0x000000000000073e                __ADC12MEM15 = 0x73e
                0x0000000000000710                __ADC12MCTL0 = 0x710
                0x0000000000000711                __ADC12MCTL1 = 0x711
                0x0000000000000712                __ADC12MCTL2 = 0x712
                0x0000000000000713                __ADC12MCTL3 = 0x713
                0x0000000000000714                __ADC12MCTL4 = 0x714
                0x0000000000000715                __ADC12MCTL5 = 0x715
                0x0000000000000716                __ADC12MCTL6 = 0x716
                0x0000000000000717                __ADC12MCTL7 = 0x717
                0x0000000000000718                __ADC12MCTL8 = 0x718
                0x0000000000000719                __ADC12MCTL9 = 0x719
                0x000000000000071a                __ADC12MCTL10 = 0x71a
                0x000000000000071b                __ADC12MCTL11 = 0x71b
                0x000000000000071c                __ADC12MCTL12 = 0x71c
                0x000000000000071d                __ADC12MCTL13 = 0x71d
                0x000000000000071e                __ADC12MCTL14 = 0x71e
                0x000000000000071f                __ADC12MCTL15 = 0x71f
                0x0000000000000150                __CRCDI_L = 0x150
                0x0000000000000151                __CRCDI_H = 0x151
                0x0000000000000150                __CRCDI = 0x150
                0x0000000000000154                __CRCINIRES_L = 0x154
                0x0000000000000155                __CRCINIRES_H = 0x155
                0x0000000000000154                __CRCINIRES = 0x154
                0x0000000000000500                __DMACTL0_L = 0x500
                0x0000000000000501                __DMACTL0_H = 0x501
                0x0000000000000500                __DMACTL0 = 0x500
                0x0000000000000502                __DMACTL1_L = 0x502
                0x0000000000000503                __DMACTL1_H = 0x503
                0x0000000000000502                __DMACTL1 = 0x502
                0x0000000000000504                __DMACTL2_L = 0x504
                0x0000000000000505                __DMACTL2_H = 0x505
                0x0000000000000504                __DMACTL2 = 0x504
                0x0000000000000506                __DMACTL3_L = 0x506
                0x0000000000000507                __DMACTL3_H = 0x507
                0x0000000000000506                __DMACTL3 = 0x506
                0x0000000000000508                __DMACTL4_L = 0x508
                0x0000000000000509                __DMACTL4_H = 0x509
                0x0000000000000508                __DMACTL4 = 0x508
                0x000000000000050e                __DMAIV_L = 0x50e
                0x000000000000050f                __DMAIV_H = 0x50f
                0x000000000000050e                __DMAIV = 0x50e
                0x0000000000000510                __DMA0CTL_L = 0x510
                0x0000000000000511                __DMA0CTL_H = 0x511
                0x0000000000000510                __DMA0CTL = 0x510
                0x0000000000000512                __DMA0SA = 0x512
                0x0000000000000516                __DMA0DA = 0x516
                0x000000000000051a                __DMA0SZ = 0x51a
                0x0000000000000520                __DMA1CTL_L = 0x520
                0x0000000000000521                __DMA1CTL_H = 0x521
                0x0000000000000520                __DMA1CTL = 0x520
                0x0000000000000522                __DMA1SA = 0x522
                0x0000000000000526                __DMA1DA = 0x526
                0x000000000000052a                __DMA1SZ = 0x52a
                0x0000000000000530                __DMA2CTL_L = 0x530
                0x0000000000000531                __DMA2CTL_H = 0x531
                0x0000000000000530                __DMA2CTL = 0x530
                0x0000000000000532                __DMA2SA = 0x532
                0x0000000000000536                __DMA2DA = 0x536
                0x000000000000053a                __DMA2SZ = 0x53a
                0x0000000000000140                __FCTL1_L = 0x140
                0x0000000000000141                __FCTL1_H = 0x141
                0x0000000000000140                __FCTL1 = 0x140
                0x0000000000000144                __FCTL3_L = 0x144
                0x0000000000000145                __FCTL3_H = 0x145
                0x0000000000000144                __FCTL3 = 0x144
                0x0000000000000146                __FCTL4_L = 0x146
                0x0000000000000147                __FCTL4_H = 0x147
                0x0000000000000146                __FCTL4 = 0x146
                0x00000000000004c0                __MPY_L = 0x4c0
                0x00000000000004c1                __MPY_H = 0x4c1
                0x00000000000004c0                __MPY = 0x4c0
                0x00000000000004c2                __MPYS_L = 0x4c2
                0x00000000000004c3                __MPYS_H = 0x4c3
                0x00000000000004c2                __MPYS = 0x4c2
                0x00000000000004c4                __MAC_L = 0x4c4
                0x00000000000004c5                __MAC_H = 0x4c5
                0x00000000000004c4                __MAC = 0x4c4
                0x00000000000004c6                __MACS_L = 0x4c6
                0x00000000000004c7                __MACS_H = 0x4c7
                0x00000000000004c6                __MACS = 0x4c6
                0x00000000000004c8                __OP2_L = 0x4c8
                0x00000000000004c9                __OP2_H = 0x4c9
                0x00000000000004c8                __OP2 = 0x4c8
                0x00000000000004ca                __RESLO_L = 0x4ca
                0x00000000000004cb                __RESLO_H = 0x4cb
                0x00000000000004ca                __RESLO = 0x4ca
                0x00000000000004cc                __RESHI_L = 0x4cc
                0x00000000000004cd                __RESHI_H = 0x4cd
                0x00000000000004cc                __RESHI = 0x4cc
                0x00000000000004ce                __SUMEXT_L = 0x4ce
                0x00000000000004cf                __SUMEXT_H = 0x4cf
                0x00000000000004ce                __SUMEXT = 0x4ce
                0x00000000000004d0                __MPY32L_L = 0x4d0
                0x00000000000004d1                __MPY32L_H = 0x4d1
                0x00000000000004d0                __MPY32L = 0x4d0
                0x00000000000004d2                __MPY32H_L = 0x4d2
                0x00000000000004d3                __MPY32H_H = 0x4d3
                0x00000000000004d2                __MPY32H = 0x4d2
                0x00000000000004d4                __MPYS32L_L = 0x4d4
                0x00000000000004d5                __MPYS32L_H = 0x4d5
                0x00000000000004d4                __MPYS32L = 0x4d4
                0x00000000000004d6                __MPYS32H_L = 0x4d6
                0x00000000000004d7                __MPYS32H_H = 0x4d7
                0x00000000000004d6                __MPYS32H = 0x4d6
                0x00000000000004d8                __MAC32L_L = 0x4d8
                0x00000000000004d9                __MAC32L_H = 0x4d9
                0x00000000000004d8                __MAC32L = 0x4d8
                0x00000000000004da                __MAC32H_L = 0x4da
                0x00000000000004db                __MAC32H_H = 0x4db
                0x00000000000004da                __MAC32H = 0x4da
                0x00000000000004dc                __MACS32L_L = 0x4dc
                0x00000000000004dd                __MACS32L_H = 0x4dd
                0x00000000000004dc                __MACS32L = 0x4dc
                0x00000000000004de                __MACS32H_L = 0x4de
                0x00000000000004df                __MACS32H_H = 0x4df
                0x00000000000004de                __MACS32H = 0x4de
                0x00000000000004e0                __OP2L_L = 0x4e0
                0x00000000000004e1                __OP2L_H = 0x4e1
                0x00000000000004e0                __OP2L = 0x4e0
                0x00000000000004e2                __OP2H_L = 0x4e2
                0x00000000000004e3                __OP2H_H = 0x4e3
                0x00000000000004e2                __OP2H = 0x4e2
                0x00000000000004e4                __RES0_L = 0x4e4
                0x00000000000004e5                __RES0_H = 0x4e5
                0x00000000000004e4                __RES0 = 0x4e4
                0x00000000000004e6                __RES1_L = 0x4e6
                0x00000000000004e7                __RES1_H = 0x4e7
                0x00000000000004e6                __RES1 = 0x4e6
                0x00000000000004e8                __RES2_L = 0x4e8
                0x00000000000004e9                __RES2_H = 0x4e9
                0x00000000000004e8                __RES2 = 0x4e8
                0x00000000000004ea                __RES3_L = 0x4ea
                0x00000000000004eb                __RES3_H = 0x4eb
                0x00000000000004ea                __RES3 = 0x4ea
                0x00000000000004ec                __MPY32CTL0_L = 0x4ec
                0x00000000000004ed                __MPY32CTL0_H = 0x4ed
                0x00000000000004ec                __MPY32CTL0 = 0x4ec
                0x0000000000000200                __PAIN_L = 0x200
                0x0000000000000201                __PAIN_H = 0x201
                0x0000000000000200                __PAIN = 0x200
                0x0000000000000202                __PAOUT_L = 0x202
                0x0000000000000203                __PAOUT_H = 0x203
                0x0000000000000202                __PAOUT = 0x202
                0x0000000000000204                __PADIR_L = 0x204
                0x0000000000000205                __PADIR_H = 0x205
                0x0000000000000204                __PADIR = 0x204
                0x0000000000000206                __PAREN_L = 0x206
                0x0000000000000207                __PAREN_H = 0x207
                0x0000000000000206                __PAREN = 0x206
                0x0000000000000208                __PADS_L = 0x208
                0x0000000000000209                __PADS_H = 0x209
                0x0000000000000208                __PADS = 0x208
                0x000000000000020a                __PASEL_L = 0x20a
                0x000000000000020b                __PASEL_H = 0x20b
                0x000000000000020a                __PASEL = 0x20a
                0x0000000000000218                __PAIES_L = 0x218
                0x0000000000000219                __PAIES_H = 0x219
                0x0000000000000218                __PAIES = 0x218
                0x000000000000021a                __PAIE_L = 0x21a
                0x000000000000021b                __PAIE_H = 0x21b
                0x000000000000021a                __PAIE = 0x21a
                0x000000000000021c                __PAIFG_L = 0x21c
                0x000000000000021d                __PAIFG_H = 0x21d
                0x000000000000021c                __PAIFG = 0x21c
                0x000000000000020e                __P1IV = 0x20e
                0x000000000000021e                __P2IV = 0x21e
                0x0000000000000220                __PBIN_L = 0x220
                0x0000000000000221                __PBIN_H = 0x221
                0x0000000000000220                __PBIN = 0x220
                0x0000000000000222                __PBOUT_L = 0x222
                0x0000000000000223                __PBOUT_H = 0x223
                0x0000000000000222                __PBOUT = 0x222
                0x0000000000000224                __PBDIR_L = 0x224
                0x0000000000000225                __PBDIR_H = 0x225
                0x0000000000000224                __PBDIR = 0x224
                0x0000000000000226                __PBREN_L = 0x226
                0x0000000000000227                __PBREN_H = 0x227
                0x0000000000000226                __PBREN = 0x226
                0x0000000000000228                __PBDS_L = 0x228
                0x0000000000000229                __PBDS_H = 0x229
                0x0000000000000228                __PBDS = 0x228
                0x000000000000022a                __PBSEL_L = 0x22a
                0x000000000000022b                __PBSEL_H = 0x22b
                0x000000000000022a                __PBSEL = 0x22a
                0x0000000000000240                __PCIN_L = 0x240
                0x0000000000000241                __PCIN_H = 0x241
                0x0000000000000240                __PCIN = 0x240
                0x0000000000000242                __PCOUT_L = 0x242
                0x0000000000000243                __PCOUT_H = 0x243
                0x0000000000000242                __PCOUT = 0x242
                0x0000000000000244                __PCDIR_L = 0x244
                0x0000000000000245                __PCDIR_H = 0x245
                0x0000000000000244                __PCDIR = 0x244
                0x0000000000000246                __PCREN_L = 0x246
                0x0000000000000247                __PCREN_H = 0x247
                0x0000000000000246                __PCREN = 0x246
                0x0000000000000248                __PCDS_L = 0x248
                0x0000000000000249                __PCDS_H = 0x249
                0x0000000000000248                __PCDS = 0x248
                0x000000000000024a                __PCSEL_L = 0x24a
                0x000000000000024b                __PCSEL_H = 0x24b
                0x000000000000024a                __PCSEL = 0x24a
                0x0000000000000260                __PDIN_L = 0x260
                0x0000000000000261                __PDIN_H = 0x261
                0x0000000000000260                __PDIN = 0x260
                0x0000000000000262                __PDOUT_L = 0x262
                0x0000000000000263                __PDOUT_H = 0x263
                0x0000000000000262                __PDOUT = 0x262
                0x0000000000000264                __PDDIR_L = 0x264
                0x0000000000000265                __PDDIR_H = 0x265
                0x0000000000000264                __PDDIR = 0x264
                0x0000000000000266                __PDREN_L = 0x266
                0x0000000000000267                __PDREN_H = 0x267
                0x0000000000000266                __PDREN = 0x266
                0x0000000000000268                __PDDS_L = 0x268
                0x0000000000000269                __PDDS_H = 0x269
                0x0000000000000268                __PDDS = 0x268
                0x000000000000026a                __PDSEL_L = 0x26a
                0x000000000000026b                __PDSEL_H = 0x26b
                0x000000000000026a                __PDSEL = 0x26a
                0x0000000000000280                __PEIN_L = 0x280
                0x0000000000000281                __PEIN_H = 0x281
                0x0000000000000280                __PEIN = 0x280
                0x0000000000000282                __PEOUT_L = 0x282
                0x0000000000000283                __PEOUT_H = 0x283
                0x0000000000000282                __PEOUT = 0x282
                0x0000000000000284                __PEDIR_L = 0x284
                0x0000000000000285                __PEDIR_H = 0x285
                0x0000000000000284                __PEDIR = 0x284
                0x0000000000000286                __PEREN_L = 0x286
                0x0000000000000287                __PEREN_H = 0x287
                0x0000000000000286                __PEREN = 0x286
                0x0000000000000288                __PEDS_L = 0x288
                0x0000000000000289                __PEDS_H = 0x289
                0x0000000000000288                __PEDS = 0x288
                0x000000000000028a                __PESEL_L = 0x28a
                0x000000000000028b                __PESEL_H = 0x28b
                0x000000000000028a                __PESEL = 0x28a
                0x00000000000002a0                __PFIN_L = 0x2a0
                0x00000000000002a1                __PFIN_H = 0x2a1
                0x00000000000002a0                __PFIN = 0x2a0
                0x00000000000002a2                __PFOUT_L = 0x2a2
                0x00000000000002a3                __PFOUT_H = 0x2a3
                0x00000000000002a2                __PFOUT = 0x2a2
                0x00000000000002a4                __PFDIR_L = 0x2a4
                0x00000000000002a5                __PFDIR_H = 0x2a5
                0x00000000000002a4                __PFDIR = 0x2a4
                0x00000000000002a6                __PFREN_L = 0x2a6
                0x00000000000002a7                __PFREN_H = 0x2a7
                0x00000000000002a6                __PFREN = 0x2a6
                0x00000000000002a8                __PFDS_L = 0x2a8
                0x00000000000002a9                __PFDS_H = 0x2a9
                0x00000000000002a8                __PFDS = 0x2a8
                0x00000000000002aa                __PFSEL_L = 0x2aa
                0x00000000000002ab                __PFSEL_H = 0x2ab
                0x00000000000002aa                __PFSEL = 0x2aa
                0x0000000000000320                __PJIN_L = 0x320
                0x0000000000000321                __PJIN_H = 0x321
                0x0000000000000320                __PJIN = 0x320
                0x0000000000000322                __PJOUT_L = 0x322
                0x0000000000000323                __PJOUT_H = 0x323
                0x0000000000000322                __PJOUT = 0x322
                0x0000000000000324                __PJDIR_L = 0x324
                0x0000000000000325                __PJDIR_H = 0x325
                0x0000000000000324                __PJDIR = 0x324
                0x0000000000000326                __PJREN_L = 0x326
                0x0000000000000327                __PJREN_H = 0x327
                0x0000000000000326                __PJREN = 0x326
                0x0000000000000328                __PJDS_L = 0x328
                0x0000000000000329                __PJDS_H = 0x329
                0x0000000000000328                __PJDS = 0x328
                0x0000000000000120                __PMMCTL0_L = 0x120
                0x0000000000000121                __PMMCTL0_H = 0x121
                0x0000000000000120                __PMMCTL0 = 0x120
                0x0000000000000122                __PMMCTL1_L = 0x122
                0x0000000000000123                __PMMCTL1_H = 0x123
                0x0000000000000122                __PMMCTL1 = 0x122
                0x0000000000000124                __SVSMHCTL_L = 0x124
                0x0000000000000125                __SVSMHCTL_H = 0x125
                0x0000000000000124                __SVSMHCTL = 0x124
                0x0000000000000126                __SVSMLCTL_L = 0x126
                0x0000000000000127                __SVSMLCTL_H = 0x127
                0x0000000000000126                __SVSMLCTL = 0x126
                0x0000000000000128                __SVSMIO_L = 0x128
                0x0000000000000129                __SVSMIO_H = 0x129
                0x0000000000000128                __SVSMIO = 0x128
                0x000000000000012c                __PMMIFG_L = 0x12c
                0x000000000000012d                __PMMIFG_H = 0x12d
                0x000000000000012c                __PMMIFG = 0x12c
                0x000000000000012e                __PMMRIE_L = 0x12e
                0x000000000000012f                __PMMRIE_H = 0x12f
                0x000000000000012e                __PMMRIE = 0x12e
                0x0000000000000158                __RCCTL0_L = 0x158
                0x0000000000000159                __RCCTL0_H = 0x159
                0x0000000000000158                __RCCTL0 = 0x158
                0x00000000000004a0                __RTCCTL01_L = 0x4a0
                0x00000000000004a1                __RTCCTL01_H = 0x4a1
                0x00000000000004a0                __RTCCTL01 = 0x4a0
                0x00000000000004a2                __RTCCTL23_L = 0x4a2
                0x00000000000004a3                __RTCCTL23_H = 0x4a3
                0x00000000000004a2                __RTCCTL23 = 0x4a2
                0x00000000000004a8                __RTCPS0CTL_L = 0x4a8
                0x00000000000004a9                __RTCPS0CTL_H = 0x4a9
                0x00000000000004a8                __RTCPS0CTL = 0x4a8
                0x00000000000004aa                __RTCPS1CTL_L = 0x4aa
                0x00000000000004ab                __RTCPS1CTL_H = 0x4ab
                0x00000000000004aa                __RTCPS1CTL = 0x4aa
                0x00000000000004ac                __RTCPS_L = 0x4ac
                0x00000000000004ad                __RTCPS_H = 0x4ad
                0x00000000000004ac                __RTCPS = 0x4ac
                0x00000000000004ae                __RTCIV = 0x4ae
                0x00000000000004b0                __RTCTIM0_L = 0x4b0
                0x00000000000004b1                __RTCTIM0_H = 0x4b1
                0x00000000000004b0                __RTCTIM0 = 0x4b0
                0x00000000000004b2                __RTCTIM1_L = 0x4b2
                0x00000000000004b3                __RTCTIM1_H = 0x4b3
                0x00000000000004b2                __RTCTIM1 = 0x4b2
                0x00000000000004b4                __RTCDATE_L = 0x4b4
                0x00000000000004b5                __RTCDATE_H = 0x4b5
                0x00000000000004b4                __RTCDATE = 0x4b4
                0x00000000000004b6                __RTCYEAR_L = 0x4b6
                0x00000000000004b7                __RTCYEAR_H = 0x4b7
                0x00000000000004b6                __RTCYEAR = 0x4b6
                0x00000000000004b8                __RTCAMINHR_L = 0x4b8
                0x00000000000004b9                __RTCAMINHR_H = 0x4b9
                0x00000000000004b8                __RTCAMINHR = 0x4b8
                0x00000000000004ba                __RTCADOWDAY_L = 0x4ba
                0x00000000000004bb                __RTCADOWDAY_H = 0x4bb
                0x00000000000004ba                __RTCADOWDAY = 0x4ba
                0x0000000000000100                __SFRIE1_L = 0x100
                0x0000000000000101                __SFRIE1_H = 0x101
                0x0000000000000100                __SFRIE1 = 0x100
                0x0000000000000102                __SFRIFG1_L = 0x102
                0x0000000000000103                __SFRIFG1_H = 0x103
                0x0000000000000102                __SFRIFG1 = 0x102
                0x0000000000000104                __SFRRPCR_L = 0x104
                0x0000000000000105                __SFRRPCR_H = 0x105
                0x0000000000000104                __SFRRPCR = 0x104
                0x0000000000000180                __SYSCTL_L = 0x180
                0x0000000000000181                __SYSCTL_H = 0x181
                0x0000000000000180                __SYSCTL = 0x180
                0x0000000000000182                __SYSBSLC_L = 0x182
                0x0000000000000183                __SYSBSLC_H = 0x183
                0x0000000000000182                __SYSBSLC = 0x182
                0x0000000000000186                __SYSJMBC_L = 0x186
                0x0000000000000187                __SYSJMBC_H = 0x187
                0x0000000000000186                __SYSJMBC = 0x186
                0x0000000000000188                __SYSJMBI0_L = 0x188
                0x0000000000000189                __SYSJMBI0_H = 0x189
                0x0000000000000188                __SYSJMBI0 = 0x188
                0x000000000000018a                __SYSJMBI1_L = 0x18a
                0x000000000000018b                __SYSJMBI1_H = 0x18b
                0x000000000000018a                __SYSJMBI1 = 0x18a
                0x000000000000018c                __SYSJMBO0_L = 0x18c
                0x000000000000018d                __SYSJMBO0_H = 0x18d
                0x000000000000018c                __SYSJMBO0 = 0x18c
                0x000000000000018e                __SYSJMBO1_L = 0x18e
                0x000000000000018f                __SYSJMBO1_H = 0x18f
                0x000000000000018e                __SYSJMBO1 = 0x18e
                0x000000000000019a                __SYSUNIV_L = 0x19a
                0x000000000000019b                __SYSUNIV_H = 0x19b
                0x000000000000019a                __SYSUNIV = 0x19a
                0x000000000000019c                __SYSSNIV_L = 0x19c
                0x000000000000019d                __SYSSNIV_H = 0x19d
                0x000000000000019c                __SYSSNIV = 0x19c
                0x000000000000019e                __SYSRSTIV_L = 0x19e
                0x000000000000019f                __SYSRSTIV_H = 0x19f
                0x000000000000019e                __SYSRSTIV = 0x19e
                0x0000000000000340                __TA0CTL = 0x340
                0x0000000000000342                __TA0CCTL0 = 0x342
                0x0000000000000344                __TA0CCTL1 = 0x344
                0x0000000000000346                __TA0CCTL2 = 0x346
                0x0000000000000348                __TA0CCTL3 = 0x348
                0x000000000000034a                __TA0CCTL4 = 0x34a
                0x0000000000000350                __TA0R = 0x350
                0x0000000000000352                __TA0CCR0 = 0x352
                0x0000000000000354                __TA0CCR1 = 0x354
                0x0000000000000356                __TA0CCR2 = 0x356
                0x0000000000000358                __TA0CCR3 = 0x358
                0x000000000000035a                __TA0CCR4 = 0x35a
                0x000000000000036e                __TA0IV = 0x36e
                0x0000000000000360                __TA0EX0 = 0x360
                0x0000000000000380                __TA1CTL = 0x380
                0x0000000000000382                __TA1CCTL0 = 0x382
                0x0000000000000384                __TA1CCTL1 = 0x384
                0x0000000000000386                __TA1CCTL2 = 0x386
                0x0000000000000390                __TA1R = 0x390
                0x0000000000000392                __TA1CCR0 = 0x392
                0x0000000000000394                __TA1CCR1 = 0x394
                0x0000000000000396                __TA1CCR2 = 0x396
                0x00000000000003ae                __TA1IV = 0x3ae
                0x00000000000003a0                __TA1EX0 = 0x3a0
                0x00000000000003c0                __TB0CTL = 0x3c0
                0x00000000000003c2                __TB0CCTL0 = 0x3c2
                0x00000000000003c4                __TB0CCTL1 = 0x3c4
                0x00000000000003c6                __TB0CCTL2 = 0x3c6
                0x00000000000003c8                __TB0CCTL3 = 0x3c8
                0x00000000000003ca                __TB0CCTL4 = 0x3ca
                0x00000000000003cc                __TB0CCTL5 = 0x3cc
                0x00000000000003ce                __TB0CCTL6 = 0x3ce
                0x00000000000003d0                __TB0R = 0x3d0
                0x00000000000003d2                __TB0CCR0 = 0x3d2
                0x00000000000003d4                __TB0CCR1 = 0x3d4
                0x00000000000003d6                __TB0CCR2 = 0x3d6
                0x00000000000003d8                __TB0CCR3 = 0x3d8
                0x00000000000003da                __TB0CCR4 = 0x3da
                0x00000000000003dc                __TB0CCR5 = 0x3dc
                0x00000000000003de                __TB0CCR6 = 0x3de
                0x00000000000003e0                __TB0EX0 = 0x3e0
                0x00000000000003ee                __TB0IV = 0x3ee
                0x0000000000000160                __UCSCTL0_L = 0x160
                0x0000000000000161                __UCSCTL0_H = 0x161
                0x0000000000000160                __UCSCTL0 = 0x160
                0x0000000000000162                __UCSCTL1_L = 0x162
                0x0000000000000163                __UCSCTL1_H = 0x163
                0x0000000000000162                __UCSCTL1 = 0x162
                0x0000000000000164                __UCSCTL2_L = 0x164
                0x0000000000000165                __UCSCTL2_H = 0x165
                0x0000000000000164                __UCSCTL2 = 0x164
                0x0000000000000166                __UCSCTL3_L = 0x166
                0x0000000000000167                __UCSCTL3_H = 0x167
                0x0000000000000166                __UCSCTL3 = 0x166
                0x0000000000000168                __UCSCTL4_L = 0x168
                0x0000000000000169                __UCSCTL4_H = 0x169
                0x0000000000000168                __UCSCTL4 = 0x168
                0x000000000000016a                __UCSCTL5_L = 0x16a
                0x000000000000016b                __UCSCTL5_H = 0x16b
                0x000000000000016a                __UCSCTL5 = 0x16a
                0x000000000000016c                __UCSCTL6_L = 0x16c
                0x000000000000016d                __UCSCTL6_H = 0x16d
                0x000000000000016c                __UCSCTL6 = 0x16c
                0x000000000000016e                __UCSCTL7_L = 0x16e
                0x000000000000016f                __UCSCTL7_H = 0x16f
                0x000000000000016e                __UCSCTL7 = 0x16e
                0x0000000000000170                __UCSCTL8_L = 0x170
                0x0000000000000171                __UCSCTL8_H = 0x171
                0x0000000000000170                __UCSCTL8 = 0x170
                0x00000000000005c0                __UCA0CTLW0_L = 0x5c0
                0x00000000000005c1                __UCA0CTLW0_H = 0x5c1
                0x00000000000005c0                __UCA0CTLW0 = 0x5c0
                0x00000000000005c6                __UCA0BRW_L = 0x5c6
                0x00000000000005c7                __UCA0BRW_H = 0x5c7
                0x00000000000005c6                __UCA0BRW = 0x5c6
                0x00000000000005c8                __UCA0MCTL = 0x5c8
                0x00000000000005ca                __UCA0STAT = 0x5ca
                0x00000000000005cc                __UCA0RXBUF = 0x5cc
                0x00000000000005ce                __UCA0TXBUF = 0x5ce
                0x00000000000005d0                __UCA0ABCTL = 0x5d0
                0x00000000000005d2                __UCA0IRCTL_L = 0x5d2
                0x00000000000005d3                __UCA0IRCTL_H = 0x5d3
                0x00000000000005d2                __UCA0IRCTL = 0x5d2
                0x00000000000005dc                __UCA0ICTL_L = 0x5dc
                0x00000000000005dd                __UCA0ICTL_H = 0x5dd
                0x00000000000005dc                __UCA0ICTL = 0x5dc
                0x00000000000005de                __UCA0IV = 0x5de
                0x00000000000005e0                __UCB0CTLW0_L = 0x5e0
                0x00000000000005e1                __UCB0CTLW0_H = 0x5e1
                0x00000000000005e0                __UCB0CTLW0 = 0x5e0
                0x00000000000005e6                __UCB0BRW_L = 0x5e6
                0x00000000000005e7                __UCB0BRW_H = 0x5e7
                0x00000000000005e6                __UCB0BRW = 0x5e6
                0x00000000000005ea                __UCB0STAT = 0x5ea
                0x00000000000005ec                __UCB0RXBUF = 0x5ec
                0x00000000000005ee                __UCB0TXBUF = 0x5ee
                0x00000000000005f0                __UCB0I2COA_L = 0x5f0
                0x00000000000005f1                __UCB0I2COA_H = 0x5f1
                0x00000000000005f0                __UCB0I2COA = 0x5f0
                0x00000000000005f2                __UCB0I2CSA_L = 0x5f2
                0x00000000000005f3                __UCB0I2CSA_H = 0x5f3
                0x00000000000005f2                __UCB0I2CSA = 0x5f2
                0x00000000000005fc                __UCB0ICTL_L = 0x5fc
                0x00000000000005fd                __UCB0ICTL_H = 0x5fd
                0x00000000000005fc                __UCB0ICTL = 0x5fc
                0x00000000000005fe                __UCB0IV = 0x5fe
                0x0000000000000600                __UCA1CTLW0_L = 0x600
                0x0000000000000601                __UCA1CTLW0_H = 0x601
                0x0000000000000600                __UCA1CTLW0 = 0x600
                0x0000000000000606                __UCA1BRW_L = 0x606
                0x0000000000000607                __UCA1BRW_H = 0x607
                0x0000000000000606                __UCA1BRW = 0x606
                0x0000000000000608                __UCA1MCTL = 0x608
                0x000000000000060a                __UCA1STAT = 0x60a
                0x000000000000060c                __UCA1RXBUF = 0x60c
                0x000000000000060e                __UCA1TXBUF = 0x60e
                0x0000000000000610                __UCA1ABCTL = 0x610
                0x0000000000000612                __UCA1IRCTL_L = 0x612
                0x0000000000000613                __UCA1IRCTL_H = 0x613
                0x0000000000000612                __UCA1IRCTL = 0x612
                0x000000000000061c                __UCA1ICTL_L = 0x61c
                0x000000000000061d                __UCA1ICTL_H = 0x61d
                0x000000000000061c                __UCA1ICTL = 0x61c
                0x000000000000061e                __UCA1IV = 0x61e
                0x0000000000000620                __UCB1CTLW0_L = 0x620
                0x0000000000000621                __UCB1CTLW0_H = 0x621
                0x0000000000000620                __UCB1CTLW0 = 0x620
                0x0000000000000626                __UCB1BRW_L = 0x626
                0x0000000000000627                __UCB1BRW_H = 0x627
                0x0000000000000626                __UCB1BRW = 0x626
                0x000000000000062a                __UCB1STAT = 0x62a
                0x000000000000062c                __UCB1RXBUF = 0x62c
                0x000000000000062e                __UCB1TXBUF = 0x62e
                0x0000000000000630                __UCB1I2COA_L = 0x630
                0x0000000000000631                __UCB1I2COA_H = 0x631
                0x0000000000000630                __UCB1I2COA = 0x630
                0x0000000000000632                __UCB1I2CSA_L = 0x632
                0x0000000000000633                __UCB1I2CSA_H = 0x633
                0x0000000000000632                __UCB1I2CSA = 0x632
                0x000000000000063c                __UCB1ICTL_L = 0x63c
                0x000000000000063d                __UCB1ICTL_H = 0x63d
                0x000000000000063c                __UCB1ICTL = 0x63c
                0x000000000000063e                __UCB1IV = 0x63e
                0x0000000000000640                __UCA2CTLW0_L = 0x640
                0x0000000000000641                __UCA2CTLW0_H = 0x641
                0x0000000000000640                __UCA2CTLW0 = 0x640
                0x0000000000000646                __UCA2BRW_L = 0x646
                0x0000000000000647                __UCA2BRW_H = 0x647
                0x0000000000000646                __UCA2BRW = 0x646
                0x0000000000000648                __UCA2MCTL = 0x648
                0x000000000000064a                __UCA2STAT = 0x64a
                0x000000000000064c                __UCA2RXBUF = 0x64c
                0x000000000000064e                __UCA2TXBUF = 0x64e
                0x0000000000000650                __UCA2ABCTL = 0x650
                0x0000000000000652                __UCA2IRCTL_L = 0x652
                0x0000000000000653                __UCA2IRCTL_H = 0x653
                0x0000000000000652                __UCA2IRCTL = 0x652
                0x000000000000065c                __UCA2ICTL_L = 0x65c
                0x000000000000065d                __UCA2ICTL_H = 0x65d
                0x000000000000065c                __UCA2ICTL = 0x65c
                0x000000000000065e                __UCA2IV = 0x65e
                0x0000000000000660                __UCB2CTLW0_L = 0x660
                0x0000000000000661                __UCB2CTLW0_H = 0x661
                0x0000000000000660                __UCB2CTLW0 = 0x660
                0x0000000000000666                __UCB2BRW_L = 0x666
                0x0000000000000667                __UCB2BRW_H = 0x667
                0x0000000000000666                __UCB2BRW = 0x666
                0x000000000000066a                __UCB2STAT = 0x66a
                0x000000000000066c                __UCB2RXBUF = 0x66c
                0x000000000000066e                __UCB2TXBUF = 0x66e
                0x0000000000000670                __UCB2I2COA_L = 0x670
                0x0000000000000671                __UCB2I2COA_H = 0x671
                0x0000000000000670                __UCB2I2COA = 0x670
                0x0000000000000672                __UCB2I2CSA_L = 0x672
                0x0000000000000673                __UCB2I2CSA_H = 0x673
                0x0000000000000672                __UCB2I2CSA = 0x672
                0x000000000000067c                __UCB2ICTL_L = 0x67c
                0x000000000000067d                __UCB2ICTL_H = 0x67d
                0x000000000000067c                __UCB2ICTL = 0x67c
                0x000000000000067e                __UCB2IV = 0x67e
                0x0000000000000680                __UCA3CTLW0_L = 0x680
                0x0000000000000681                __UCA3CTLW0_H = 0x681
                0x0000000000000680                __UCA3CTLW0 = 0x680
                0x0000000000000686                __UCA3BRW_L = 0x686
                0x0000000000000687                __UCA3BRW_H = 0x687
                0x0000000000000686                __UCA3BRW = 0x686
                0x0000000000000688                __UCA3MCTL = 0x688
                0x000000000000068a                __UCA3STAT = 0x68a
                0x000000000000068c                __UCA3RXBUF = 0x68c
                0x000000000000068e                __UCA3TXBUF = 0x68e
                0x0000000000000690                __UCA3ABCTL = 0x690
                0x0000000000000692                __UCA3IRCTL_L = 0x692
                0x0000000000000693                __UCA3IRCTL_H = 0x693
                0x0000000000000692                __UCA3IRCTL = 0x692
                0x000000000000069c                __UCA3ICTL_L = 0x69c
                0x000000000000069d                __UCA3ICTL_H = 0x69d
                0x000000000000069c                __UCA3ICTL = 0x69c
                0x000000000000069e                __UCA3IV = 0x69e
                0x00000000000006a0                __UCB3CTLW0_L = 0x6a0
                0x00000000000006a1                __UCB3CTLW0_H = 0x6a1
                0x00000000000006a0                __UCB3CTLW0 = 0x6a0
                0x00000000000006a6                __UCB3BRW_L = 0x6a6
                0x00000000000006a7                __UCB3BRW_H = 0x6a7
                0x00000000000006a6                __UCB3BRW = 0x6a6
                0x00000000000006aa                __UCB3STAT = 0x6aa
                0x00000000000006ac                __UCB3RXBUF = 0x6ac
                0x00000000000006ae                __UCB3TXBUF = 0x6ae
                0x00000000000006b0                __UCB3I2COA_L = 0x6b0
                0x00000000000006b1                __UCB3I2COA_H = 0x6b1
                0x00000000000006b0                __UCB3I2COA = 0x6b0
                0x00000000000006b2                __UCB3I2CSA_L = 0x6b2
                0x00000000000006b3                __UCB3I2CSA_H = 0x6b3
                0x00000000000006b2                __UCB3I2CSA = 0x6b2
                0x00000000000006bc                __UCB3ICTL_L = 0x6bc
                0x00000000000006bd                __UCB3ICTL_H = 0x6bd
                0x00000000000006bc                __UCB3ICTL = 0x6bc
                0x00000000000006be                __UCB3IV = 0x6be
                0x000000000000015c                __WDTCTL_L = 0x15c
                0x000000000000015d                __WDTCTL_H = 0x15d
                0x000000000000015c                __WDTCTL = 0x15c

.hash
 *(.hash)

.dynsym
 *(.dynsym)

.dynstr
 *(.dynstr)

.gnu.version
 *(.gnu.version)

.gnu.version_d
 *(.gnu.version_d)

.gnu.version_r
 *(.gnu.version_r)

.rel.init
 *(.rel.init)

.rela.init
 *(.rela.init)

.rel.fini
 *(.rel.fini)

.rela.fini
 *(.rela.fini)

.rel.text
 *(.rel.text .rel.text.* .rel.gnu.linkonce.t.*)

.rela.text
 *(.rela.text .rela.text.* .rela.gnu.linkonce.t.*)

.rel.rodata
 *(.rel.rodata .rel.rodata.* .rel.gnu.linkonce.r.*)

.rela.rodata
 *(.rela.rodata .rela.rodata.* .rela.gnu.linkonce.r.*)

.rel.data
 *(.rel.data .rel.data.* .rel.gnu.linkonce.d.*)

.rela.data
 *(.rela.data .rela.data.* .rela.gnu.linkonce.d.*)

.rel.bss
 *(.rel.bss .rel.bss.* .rel.gnu.linkonce.b.*)

.rela.bss
 *(.rela.bss .rela.bss.* .rela.gnu.linkonce.b.*)

.rel.ctors
 *(.rel.ctors)

.rela.ctors
 *(.rela.ctors)

.rel.dtors
 *(.rel.dtors)

.rela.dtors
 *(.rela.dtors)

.rel.got
 *(.rel.got)

.rela.got
 *(.rela.got)

.rel.plt
 *(.rel.plt)

.rela.plt
 *(.rela.plt)

.text           0x0000000000005c00     0x7774
                0x0000000000005c00                . = ALIGN (0x2)
 *(.init .init.*)
 *(.init0)
 .init0         0x0000000000005c00        0x0 /opt/compilers/mspgcc-4.7.3/bin/../lib/gcc/msp430/4.7.3/mcpu-430x/mmpy-16/msr20/mc20/libcrt0.a(_reset_vector__.o)
                0x0000000000005c00                _reset_vector__
 *(.init1)
 .init1         0x0000000000005c00        0xc /opt/compilers/mspgcc-4.7.3/bin/../lib/gcc/msp430/4.7.3/mcpu-430x/mmpy-16/msr20/mc20/libcrt0.a(__watchdog_support.o)
                0x0000000000005c00                __watchdog_support
 *(.init2)
 .init2         0x0000000000005c0c        0x4 /opt/compilers/mspgcc-4.7.3/bin/../lib/gcc/msp430/4.7.3/mcpu-430x/mmpy-16/msr20/mc20/libcrt0.a(__init_stack.o)
                0x0000000000005c0c                __init_stack
 *(.init3)
 .init3         0x0000000000005c10        0x0 /opt/compilers/mspgcc-4.7.3/bin/../lib/gcc/msp430/4.7.3/mcpu-430x/mmpy-16/msr20/mc20/libcrt0.a(__low_level_init.o)
                0x0000000000005c10                __low_level_init
 *(.init4)
 .init4         0x0000000000005c10       0x18 /opt/compilers/mspgcc-4.7.3/bin/../lib/gcc/msp430/4.7.3/mcpu-430x/mmpy-16/msr20/mc20/libcrt0.a(_copy_data.o)
                0x0000000000005c10                __do_copy_data
 .init4         0x0000000000005c28       0x16 /opt/compilers/mspgcc-4.7.3/bin/../lib/gcc/msp430/4.7.3/mcpu-430x/mmpy-16/msr20/mc20/libcrt0.a(_clear_bss.o)
                0x0000000000005c28                __do_clear_bss
 *(.init5)
 *(.init6)
 *(.init7)
 *(.init8)
 *(.init9)
 .init9         0x0000000000005c3e      0x304 obj_exp5438/contiki-exp5438-main.o
                0x0000000000005c3e                main
 *(.fini9)
 .fini9         0x0000000000005f42        0x0 /opt/compilers/mspgcc-4.7.3/bin/../lib/gcc/msp430/4.7.3/mcpu-430x/mmpy-16/msr20/mc20/libcrt0.a(__stop_progExec__.o)
                0x0000000000005f42                __stop_progExec__
 *(.fini8)
 *(.fini7)
 *(.fini6)
 *(.fini5)
 *(.fini4)
 *(.fini3)
 *(.fini2)
 *(.fini1)
 *(.fini0)
 .fini0         0x0000000000005f42        0x6 /opt/compilers/mspgcc-4.7.3/bin/../lib/gcc/msp430/4.7.3/mcpu-430x/mmpy-16/msr20/mc20/libcrt0.a(_endless_loop__.o)
                0x0000000000005f42                _endless_loop__
 *(.fini .fini.*)
                0x0000000000005f48                . = ALIGN (0x2)
                0x0000000000005f48                __ctors_start = .
 *(.ctors)
                0x0000000000005f48                __ctors_end = .
                0x0000000000005f48                __dtors_start = .
 *(.dtors)
                0x0000000000005f48                __dtors_end = .
                0x0000000000005f48                . = ALIGN (0x2)
 *(.text .text.* .gnu.linkonce.t.*)
 .text          0x0000000000005f48        0x4 /opt/compilers/mspgcc-4.7.3/bin/../lib/gcc/msp430/4.7.3/mcpu-430x/mmpy-16/msr20/mc20/crt0ivtbl64.o
                0x0000000000005f48                __isr_37
                0x0000000000005f48                __isr_51
                0x0000000000005f48                __isr_57
                0x0000000000005f48                __isr_33
                0x0000000000005f48                __isr_32
                0x0000000000005f48                __isr_54
                0x0000000000005f48                __isr_42
                0x0000000000005f48                __isr_59
                0x0000000000005f48                __isr_39
                0x0000000000005f48                __isr_53
                0x0000000000005f48                __isr_41
                0x0000000000005f48                __isr_60
                0x0000000000005f48                __isr_36
                0x0000000000005f48                __isr_34
                0x0000000000005f48                __isr_44
                0x0000000000005f48                __isr_61
                0x0000000000005f48                __isr_55
                0x0000000000005f48                __isr_43
                0x0000000000005f48                __isr_50
                0x0000000000005f48                __isr_56
                0x0000000000005f48                __isr_38
                0x0000000000005f48                __isr_35
                0x0000000000005f48                __isr_45
                0x0000000000005f48                __isr_62
                0x0000000000005f48                __isr_52
                0x0000000000005f48                __isr_40
 .text.libgcc   0x0000000000005f4c       0x22 /opt/compilers/mspgcc-4.7.3/bin/../lib/gcc/msp430/4.7.3/mcpu-430x/mmpy-16/msr20/mc20/libgcc.a(_udivmod16.o)
                0x0000000000005f4c                __udivhi3
                0x0000000000005f4c                __ext_udivmod16
                0x0000000000005f66                __umodhi3
 .text.libgcc   0x0000000000005f6e       0x3a /opt/compilers/mspgcc-4.7.3/bin/../lib/gcc/msp430/4.7.3/mcpu-430x/mmpy-16/msr20/mc20/libgcc.a(_divmod16.o)
                0x0000000000005f6e                __ext_divmod16
                0x0000000000005f6e                __divhi3
                0x0000000000005fa0                __modhi3
 .text.libgcc   0x0000000000005fa8       0x38 /opt/compilers/mspgcc-4.7.3/bin/../lib/gcc/msp430/4.7.3/mcpu-430x/mmpy-16/msr20/mc20/libgcc.a(_udivmod32.o)
                0x0000000000005fa8                __udivsi3
                0x0000000000005fa8                __ext_udivmod32
                0x0000000000005fd6                __umodsi3
 .text.libgcc   0x0000000000005fe0       0x4c /opt/compilers/mspgcc-4.7.3/bin/../lib/gcc/msp430/4.7.3/mcpu-430x/mmpy-16/msr20/mc20/libgcc.a(_divmod32.o)
                0x0000000000005fe0                __ext_divmod32
                0x0000000000005fe0                __divsi3
                0x0000000000006022                __modsi3
 .text.libgcc   0x000000000000602c       0x26 /opt/compilers/mspgcc-4.7.3/bin/../lib/gcc/msp430/4.7.3/mcpu-430x/mmpy-16/msr20/mc20/libgcc.a(_mulsi3.o)
                0x000000000000602c                __mulsi3
 .text.libgcc   0x0000000000006052       0xbc /opt/compilers/mspgcc-4.7.3/bin/../lib/gcc/msp430/4.7.3/mcpu-430x/mmpy-16/msr20/mc20/libgcc.a(_udivmod64.o)
                0x0000000000006052                __xabi_udivmod64
                0x00000000000060a4                __udivdi3
                0x00000000000060be                __umoddi3
                0x00000000000060e0                __udivmoddi4
 .text.crt0     0x000000000000610e        0x2 /opt/compilers/mspgcc-4.7.3/bin/../lib/gcc/msp430/4.7.3/mcpu-430x/mmpy-16/msr20/mc20/libcrt0.a(_unexpected_.o)
                0x000000000000610e                _unexpected_
 *(.near.text .near.text.*)
 .near.text.watchdog_interrupt
                0x0000000000006110        0x6 contiki-exp5438.a(watchdog.o)
                0x0000000000006110                watchdog_interrupt
                0x0000000000006110                __isr_58
 .near.text.cc24240_fifop_interrupt
                0x0000000000006116       0x58 contiki-exp5438.a(cc2420-arch.o)
                0x0000000000006116                __isr_47
                0x0000000000006116                cc24240_fifop_interrupt
 .near.text.timera0
                0x000000000000616e       0x5c contiki-exp5438.a(rtimer-arch.o)
                0x000000000000616e                __isr_49
                0x000000000000616e                timera0
 .near.text.uart1_rx_interrupt
                0x00000000000061ca       0x6c contiki-exp5438.a(uart1x.o)
                0x00000000000061ca                __isr_46
                0x00000000000061ca                uart1_rx_interrupt
 .near.text.timera1
                0x0000000000006236       0xfc contiki-exp5438.a(clock.o)
                0x0000000000006236                __isr_48
                0x0000000000006236                timera1
 .any.text.udp_rx_callback
                0x0000000000006332       0x8c sdn-controller.co
 .any.text.process_thread_sdn_controller_process
                0x00000000000063be      0x212 sdn-controller.co
 .any.text.print_division
                0x00000000000065d0       0xb2 obj_exp5438/sdn-stats.o
 .any.text.sdn_stats_start
                0x0000000000006682       0x18 obj_exp5438/sdn-stats.o
                0x0000000000006682                sdn_stats_start
 .any.text.sdn_stats_print
                0x000000000000669a       0x66 obj_exp5438/sdn-stats.o
                0x000000000000669a                sdn_stats_print
 .any.text.sdn_energy_print
                0x0000000000006700      0x1c8 obj_exp5438/sdn-stats.o
                0x0000000000006700                sdn_energy_print
 .any.text.process_thread_sdn_stats_process
                0x00000000000068c8       0x7e obj_exp5438/sdn-stats.o
 .any.text.atom_init
                0x0000000000006946       0xbc contiki-exp5438.a(atom.o)
                0x0000000000006946                atom_init
 .any.text.atom_post
                0x0000000000006a02       0x5e contiki-exp5438.a(atom.o)
                0x0000000000006a02                atom_post
 .any.text.atom_set_handshake_timer
                0x0000000000006a60      0x19a contiki-exp5438.a(atom.o)
                0x0000000000006a60                atom_set_handshake_timer
 .any.text.atom_run
                0x0000000000006bfa      0x2e8 contiki-exp5438.a(atom.o)
                0x0000000000006bfa                atom_run
 .any.text.process_thread_controller_process
                0x0000000000006ee2      0x108 contiki-exp5438.a(atom.o)
 .any.text.atom_buffer_init
                0x0000000000006fea       0x62 contiki-exp5438.a(atom-buffer.o)
                0x0000000000006fea                atom_buffer_init
 .any.text.atom_buffer_add
                0x000000000000704c       0xd6 contiki-exp5438.a(atom-buffer.o)
                0x000000000000704c                atom_buffer_add
 .any.text.atom_buffer_head
                0x0000000000007122       0xb2 contiki-exp5438.a(atom-buffer.o)
                0x0000000000007122                atom_buffer_head
 .any.text.atom_buffer_remove
                0x00000000000071d4       0x24 contiki-exp5438.a(atom-buffer.o)
                0x00000000000071d4                atom_buffer_remove
 .any.text.atom_action_buf_copy_to
                0x00000000000071f8       0x62 contiki-exp5438.a(atom-buffer.o)
                0x00000000000071f8                atom_action_buf_copy_to
 .any.text.atom_action_buf_clear
                0x000000000000725a       0x10 contiki-exp5438.a(atom-buffer.o)
                0x000000000000725a                atom_action_buf_clear
 .any.text.atom_response_buf_copy_to
                0x000000000000726a       0x42 contiki-exp5438.a(atom-buffer.o)
                0x000000000000726a                atom_response_buf_copy_to
 .any.text.atom_response_buf_clear
                0x00000000000072ac       0x10 contiki-exp5438.a(atom-buffer.o)
                0x00000000000072ac                atom_response_buf_clear
 .any.text.node_allocate
                0x00000000000072bc       0x60 contiki-exp5438.a(atom-net.o)
 .any.text.node_add
                0x000000000000731c       0xba contiki-exp5438.a(atom-net.o)
 .any.text.atom_net_init
                0x00000000000073d6       0x34 contiki-exp5438.a(atom-net.o)
                0x00000000000073d6                atom_net_init
 .any.text.atom_net_get_node_id
                0x000000000000740a       0x4e contiki-exp5438.a(atom-net.o)
                0x000000000000740a                atom_net_get_node_id
 .any.text.atom_net_node_heartbeat
                0x0000000000007458       0x74 contiki-exp5438.a(atom-net.o)
                0x0000000000007458                atom_net_node_heartbeat
 .any.text.atom_net_node_update
                0x00000000000074cc       0x9e contiki-exp5438.a(atom-net.o)
                0x00000000000074cc                atom_net_node_update
 .any.text.atom_net_link_update
                0x000000000000756a      0x1d2 contiki-exp5438.a(atom-net.o)
                0x000000000000756a                atom_net_link_update
 .any.text.print_node
                0x000000000000773c       0x90 contiki-exp5438.a(atom-net.o)
                0x000000000000773c                print_node
 .any.text.print_network_graph
                0x00000000000077cc       0x8c contiki-exp5438.a(atom-net.o)
                0x00000000000077cc                print_network_graph
 .any.text.atom_net_get_node_ipaddr
                0x0000000000007858       0xa4 contiki-exp5438.a(atom-net.o)
                0x0000000000007858                atom_net_get_node_ipaddr
 .any.text.in   0x00000000000078fc      0x36a contiki-exp5438.a(atom-sb-usdn.o)
 .any.text.usdn_receive
                0x0000000000007c66       0xd2 contiki-exp5438.a(atom-sb-usdn.o)
 .any.text.init
                0x0000000000007d38       0x3e contiki-exp5438.a(atom-sb-usdn.o)
 .any.text.out  0x0000000000007d76      0x2b6 contiki-exp5438.a(atom-sb-usdn.o)
 .any.text.in   0x000000000000802c      0x1d4 contiki-exp5438.a(atom-sb-rpl.o)
 .any.text.out  0x0000000000008200       0xa2 contiki-exp5438.a(atom-sb-rpl.o)
 .any.text.init
                0x00000000000082a2       0x24 contiki-exp5438.a(atom-sb-rpl.o)
 .any.text.pop  0x00000000000082c6       0x14 contiki-exp5438.a(atom-app-route-)
 .any.text.init
                0x00000000000082da       0x24 contiki-exp5438.a(atom-app-route-)
 .any.text.clear_spath
                0x00000000000082fe       0x16 contiki-exp5438.a(atom-app-route-)
                0x00000000000082fe                clear_spath
 .any.text.depth_first_search
                0x0000000000008314       0xea contiki-exp5438.a(atom-app-route-)
 .any.text.run  0x00000000000083fe      0x132 contiki-exp5438.a(atom-app-route-)
 .any.text.init
                0x0000000000008530       0x26 contiki-exp5438.a(atom-app-route-)
 .any.text.run  0x0000000000008556      0x200 contiki-exp5438.a(atom-app-route-)
 .any.text.run  0x0000000000008756       0xe4 contiki-exp5438.a(atom-app-join-c)
 .any.text.handle_cfg_timer
                0x000000000000883a       0xe6 contiki-exp5438.a(atom-app-join-c)
 .any.text.init
                0x0000000000008920       0x26 contiki-exp5438.a(atom-app-join-c)
 .any.text.w_memcpy
                0x0000000000008946       0x1c contiki-exp5438.a(msp430.o)
                0x0000000000008946                w_memcpy
 .any.text.w_memset
                0x0000000000008962       0x12 contiki-exp5438.a(msp430.o)
                0x0000000000008962                w_memset
 .any.text.msp430_set_dco_speed
                0x0000000000008974       0x6a contiki-exp5438.a(msp430.o)
                0x0000000000008974                msp430_set_dco_speed
 .any.text.msp430_quick_synch_dco
                0x00000000000089de        0xe contiki-exp5438.a(msp430.o)
                0x00000000000089de                msp430_quick_synch_dco
 .any.text.msp430_cpu_init
                0x00000000000089ec       0x96 contiki-exp5438.a(msp430.o)
                0x00000000000089ec                msp430_cpu_init
 .any.text.splhigh_
                0x0000000000008a82        0x8 contiki-exp5438.a(msp430.o)
                0x0000000000008a82                splhigh_
 .any.text.show_leds
                0x0000000000008a8a       0xe8 contiki-exp5438.a(leds.o)
 .any.text.leds_init
                0x0000000000008b72        0xa contiki-exp5438.a(leds.o)
                0x0000000000008b72                leds_init
 .any.text.leds_on
                0x0000000000008b7c        0xa contiki-exp5438.a(leds.o)
                0x0000000000008b7c                leds_on
 .any.text.leds_off
                0x0000000000008b86        0xe contiki-exp5438.a(leds.o)
                0x0000000000008b86                leds_off
 .any.text.watchdog_start
                0x0000000000008b94       0x14 contiki-exp5438.a(watchdog.o)
                0x0000000000008b94                watchdog_start
 .any.text.watchdog_periodic
                0x0000000000008ba8       0x12 contiki-exp5438.a(watchdog.o)
                0x0000000000008ba8                watchdog_periodic
 .any.text.watchdog_stop
                0x0000000000008bba       0x16 contiki-exp5438.a(watchdog.o)
                0x0000000000008bba                watchdog_stop
 .any.text.watchdog_init
                0x0000000000008bd0       0x12 contiki-exp5438.a(watchdog.o)
                0x0000000000008bd0                watchdog_init
 .any.text.get_object
                0x0000000000008be2        0x4 contiki-exp5438.a(cc2420.o)
 .any.text.set_object
                0x0000000000008be6        0x4 contiki-exp5438.a(cc2420.o)
 .any.text.strobe
                0x0000000000008bea       0x1a contiki-exp5438.a(cc2420.o)
 .any.text.getreg
                0x0000000000008c04       0x46 contiki-exp5438.a(cc2420.o)
 .any.text.setreg
                0x0000000000008c4a       0x44 contiki-exp5438.a(cc2420.o)
 .any.text.write_ram
                0x0000000000008c8e       0x72 contiki-exp5438.a(cc2420.o)
 .any.text.write_fifo_buf
                0x0000000000008d00       0x38 contiki-exp5438.a(cc2420.o)
 .any.text.get_status
                0x0000000000008d38       0x1e contiki-exp5438.a(cc2420.o)
 .any.text.set_txpower
                0x0000000000008d56       0x24 contiki-exp5438.a(cc2420.o)
 .any.text.cc2420_receiving_packet
                0x0000000000008d7a        0xa contiki-exp5438.a(cc2420.o)
 .any.text.pending_packet
                0x0000000000008d84        0xe contiki-exp5438.a(cc2420.o)
 .any.text.on   0x0000000000008d92       0x28 contiki-exp5438.a(cc2420.o)
 .any.text.wait_for_transmission
                0x0000000000008dba       0x22 contiki-exp5438.a(cc2420.o)
 .any.text.wait_for_status
                0x0000000000008ddc       0x24 contiki-exp5438.a(cc2420.o)
 .any.text.getrxdata
                0x0000000000008e00       0x4c contiki-exp5438.a(cc2420.o)
 .any.text.flushrx
                0x0000000000008e4c       0x1a contiki-exp5438.a(cc2420.o)
 .any.text.off  0x0000000000008e66       0x5e contiki-exp5438.a(cc2420.o)
 .any.text.RELEASE_LOCK
                0x0000000000008ec4       0x28 contiki-exp5438.a(cc2420.o)
 .any.text.set_frame_filtering
                0x0000000000008eec       0x30 contiki-exp5438.a(cc2420.o)
 .any.text.set_auto_ack
                0x0000000000008f1c       0x30 contiki-exp5438.a(cc2420.o)
 .any.text.set_poll_mode
                0x0000000000008f4c       0x38 contiki-exp5438.a(cc2420.o)
 .any.text.cc2420_prepare
                0x0000000000008f84       0x38 contiki-exp5438.a(cc2420.o)
 .any.text.cc2420_on
                0x0000000000008fbc       0x22 contiki-exp5438.a(cc2420.o)
                0x0000000000008fbc                cc2420_on
 .any.text.cc2420_off
                0x0000000000008fde       0x30 contiki-exp5438.a(cc2420.o)
                0x0000000000008fde                cc2420_off
 .any.text.cc2420_cca
                0x000000000000900e       0x5a contiki-exp5438.a(cc2420.o)
 .any.text.cc2420_read
                0x0000000000009068       0xbe contiki-exp5438.a(cc2420.o)
 .any.text.process_thread_cc2420_process
                0x0000000000009126       0x5c contiki-exp5438.a(cc2420.o)
 .any.text.cc2420_set_channel
                0x0000000000009182       0x3a contiki-exp5438.a(cc2420.o)
                0x0000000000009182                cc2420_set_channel
 .any.text.cc2420_set_pan_addr
                0x00000000000091bc       0x4c contiki-exp5438.a(cc2420.o)
                0x00000000000091bc                cc2420_set_pan_addr
 .any.text.cc2420_interrupt
                0x0000000000009208       0x18 contiki-exp5438.a(cc2420.o)
                0x0000000000009208                cc2420_interrupt
 .any.text.cc2420_set_txpower
                0x0000000000009220        0xe contiki-exp5438.a(cc2420.o)
                0x0000000000009220                cc2420_set_txpower
 .any.text.cc2420_get_txpower
                0x000000000000922e       0x1e contiki-exp5438.a(cc2420.o)
                0x000000000000922e                cc2420_get_txpower
 .any.text.cc2420_transmit
                0x000000000000924c      0x10e contiki-exp5438.a(cc2420.o)
 .any.text.cc2420_send
                0x000000000000935a       0x12 contiki-exp5438.a(cc2420.o)
 .any.text.cc2420_rssi
                0x000000000000936c       0x48 contiki-exp5438.a(cc2420.o)
                0x000000000000936c                cc2420_rssi
 .any.text.get_value
                0x00000000000093b4      0x104 contiki-exp5438.a(cc2420.o)
 .any.text.cc2420_set_cca_threshold
                0x00000000000094b8       0x16 contiki-exp5438.a(cc2420.o)
                0x00000000000094b8                cc2420_set_cca_threshold
 .any.text.set_value
                0x00000000000094ce       0xb2 contiki-exp5438.a(cc2420.o)
 .any.text.cc2420_init
                0x0000000000009580       0xec contiki-exp5438.a(cc2420.o)
                0x0000000000009580                cc2420_init
 .any.text.cc2420_arch_init
                0x000000000000966c       0x14 contiki-exp5438.a(cc2420-arch.o)
                0x000000000000966c                cc2420_arch_init
 .any.text.rtimer_arch_init
                0x0000000000009680        0xe contiki-exp5438.a(rtimer-arch.o)
                0x0000000000009680                rtimer_arch_init
 .any.text.rtimer_arch_now
                0x000000000000968e        0xe contiki-exp5438.a(rtimer-arch.o)
                0x000000000000968e                rtimer_arch_now
 .any.text.rtimer_arch_schedule
                0x000000000000969c        0x6 contiki-exp5438.a(rtimer-arch.o)
                0x000000000000969c                rtimer_arch_schedule
 .any.text.leds_arch_init
                0x00000000000096a2        0xa contiki-exp5438.a(leds-arch.o)
                0x00000000000096a2                leds_arch_init
 .any.text.leds_arch_set
                0x00000000000096ac       0x2a contiki-exp5438.a(leds-arch.o)
                0x00000000000096ac                leds_arch_set
 .any.text.uart1_active
                0x00000000000096d6        0xe contiki-exp5438.a(uart1x.o)
                0x00000000000096d6                uart1_active
 .any.text.uart1_writeb
                0x00000000000096e4       0x16 contiki-exp5438.a(uart1x.o)
                0x00000000000096e4                uart1_writeb
 .any.text.uart1_init
                0x00000000000096fa       0x48 contiki-exp5438.a(uart1x.o)
                0x00000000000096fa                uart1_init
 .any.text.lcd_init
                0x0000000000009742        0x2 contiki-exp5438.a(lcd.o)
                0x0000000000009742                lcd_init
 .any.text.lcd_write_char
                0x0000000000009744        0x2 contiki-exp5438.a(lcd.o)
                0x0000000000009744                lcd_write_char
 .any.text.lcd_draw_vertical_line
                0x0000000000009746        0x2 contiki-exp5438.a(lcd.o)
                0x0000000000009746                lcd_draw_vertical_line
 .any.text.lcd_scroll_x
                0x0000000000009748        0x2 contiki-exp5438.a(lcd.o)
                0x0000000000009748                lcd_scroll_x
 .any.text.process_thread_duty_cycle_scroller_process
                0x000000000000974a      0x134 contiki-exp5438.a(duty-cycle-scro)
 .any.text.duty_cycle_scroller_start
                0x000000000000987e       0x14 contiki-exp5438.a(duty-cycle-scro)
                0x000000000000987e                duty_cycle_scroller_start
 .any.text.putchar
                0x0000000000009892       0x16 contiki-exp5438.a(uart1-putchar.o)
                0x0000000000009892                putchar
 .any.text.clock_time
                0x00000000000098a8       0x1a contiki-exp5438.a(clock.o)
                0x00000000000098a8                clock_time
 .any.text.clock_init
                0x00000000000098c2       0x28 contiki-exp5438.a(clock.o)
                0x00000000000098c2                clock_init
 .any.text.clock_delay
                0x00000000000098ea        0x6 contiki-exp5438.a(clock.o)
                0x00000000000098ea                clock_delay
 .any.text.clock_seconds
                0x00000000000098f0       0x1a contiki-exp5438.a(clock.o)
                0x00000000000098f0                clock_seconds
 .any.text.sdn_conf_print
                0x000000000000990a       0x70 contiki-exp5438.a(sdn-conf.o)
                0x000000000000990a                sdn_conf_print
 .any.text.sdn_conf_init
                0x000000000000997a       0x5a contiki-exp5438.a(sdn-conf.o)
                0x000000000000997a                sdn_conf_init
 .any.text.sdn_init
                0x00000000000099d4      0x16e contiki-exp5438.a(sdn.o)
                0x00000000000099d4                sdn_init
 .any.text.sdn_get_action_data_srh
                0x0000000000009b42       0x74 contiki-exp5438.a(sdn.o)
                0x0000000000009b42                sdn_get_action_data_srh
 .any.text.sdn_connected
                0x0000000000009bb6       0x12 contiki-exp5438.a(sdn.o)
                0x0000000000009bb6                sdn_connected
 .any.text.sdn_is_ctrl_addr
                0x0000000000009bc8       0x22 contiki-exp5438.a(sdn.o)
                0x0000000000009bc8                sdn_is_ctrl_addr
 .any.text.sdn_node_id_from_ipaddr
                0x0000000000009bea       0x1a contiki-exp5438.a(sdn.o)
                0x0000000000009bea                sdn_node_id_from_ipaddr
 .any.text.sdn_get_nbr_link_stats
                0x0000000000009c04       0x10 contiki-exp5438.a(sdn.o)
                0x0000000000009c04                sdn_get_nbr_link_stats
 .any.text.process_thread_usdn_adapter_process
                0x0000000000009c14       0xee contiki-exp5438.a(usdn-adapter.o)
 .any.text.register_controller
                0x0000000000009d02      0x1f0 contiki-exp5438.a(usdn-adapter.o)
 .any.text.init
                0x0000000000009ef2       0x1c contiki-exp5438.a(usdn-adapter.o)
                0x0000000000009ef2                init
 .any.text.get_conn
                0x0000000000009f0e       0x46 contiki-exp5438.a(usdn-adapter.o)
                0x0000000000009f0e                get_conn
 .any.text.send
                0x0000000000009f54       0x7e contiki-exp5438.a(usdn-adapter.o)
 .any.text.retry
                0x0000000000009fd2      0x190 contiki-exp5438.a(usdn-driver.o)
 .any.text.init
                0x000000000000a162        0xa contiki-exp5438.a(usdn-driver.o)
 .any.text.sdn_fwd
                0x000000000000a16c      0x12c contiki-exp5438.a(usdn-driver.o)
 .any.text.action_handler
                0x000000000000a298      0x1f6 contiki-exp5438.a(usdn-driver.o)
 .any.text.usdn_add_do_callback_on_dest
                0x000000000000a48e       0x68 contiki-exp5438.a(usdn-driver.o)
                0x000000000000a48e                usdn_add_do_callback_on_dest
 .any.text.usdn_add_accept_on_icmp6_type
                0x000000000000a4f6       0x7a contiki-exp5438.a(usdn-driver.o)
                0x000000000000a4f6                usdn_add_accept_on_icmp6_type
 .any.text.usdn_add_accept_on_dest
                0x000000000000a570       0x64 contiki-exp5438.a(usdn-driver.o)
                0x000000000000a570                usdn_add_accept_on_dest
 .any.text.usdn_add_accept_on_src
                0x000000000000a5d4       0x62 contiki-exp5438.a(usdn-driver.o)
                0x000000000000a5d4                usdn_add_accept_on_src
 .any.text.usdn_add_fallback_on_dest
                0x000000000000a636       0x66 contiki-exp5438.a(usdn-driver.o)
                0x000000000000a636                usdn_add_fallback_on_dest
 .any.text.usdn_add_srh_on_dest
                0x000000000000a69c       0x90 contiki-exp5438.a(usdn-driver.o)
                0x000000000000a69c                usdn_add_srh_on_dest
 .any.text.usdn_add_fwd_on_flow
                0x000000000000a72c       0x86 contiki-exp5438.a(usdn-driver.o)
                0x000000000000a72c                usdn_add_fwd_on_flow
 .any.text.usdn_add_fwd_on_dest
                0x000000000000a7b2       0x6e contiki-exp5438.a(usdn-driver.o)
                0x000000000000a7b2                usdn_add_fwd_on_dest
 .any.text.sdn_query
                0x000000000000a820      0x14a contiki-exp5438.a(usdn-driver.o)
                0x000000000000a820                sdn_query
 .any.text.process
                0x000000000000a96a      0x28e contiki-exp5438.a(usdn-driver.o)
 .any.text.init
                0x000000000000abf8        0x2 contiki-exp5438.a(usdn-engine.o)
 .any.text.nsu_output.constprop.5
                0x000000000000abfa       0x8a contiki-exp5438.a(usdn-engine.o)
 .any.text.send.constprop.6
                0x000000000000ac84      0x186 contiki-exp5438.a(usdn-engine.o)
 .any.text.handle_join_timer
                0x000000000000ae0a       0x9e contiki-exp5438.a(usdn-engine.o)
 .any.text.controller_join
                0x000000000000aea8      0x18a contiki-exp5438.a(usdn-engine.o)
 .any.text.handle_update_timer
                0x000000000000b032       0xa0 contiki-exp5438.a(usdn-engine.o)
 .any.text.controller_update
                0x000000000000b0d2      0x16c contiki-exp5438.a(usdn-engine.o)
 .any.text.in   0x000000000000b23e      0x264 contiki-exp5438.a(usdn-engine.o)
 .any.text.controller_query
                0x000000000000b4a2       0xc0 contiki-exp5438.a(usdn-engine.o)
 .any.text.autostart_start
                0x000000000000b562       0x16 contiki-exp5438.a(autostart.o)
                0x000000000000b562                autostart_start
 .any.text.process_thread_ctimer_process
                0x000000000000b578       0xa0 contiki-exp5438.a(ctimer.o)
 .any.text.ctimer_init
                0x000000000000b618       0x18 contiki-exp5438.a(ctimer.o)
                0x000000000000b618                ctimer_init
 .any.text.ctimer_set_with_process
                0x000000000000b630       0x4a contiki-exp5438.a(ctimer.o)
                0x000000000000b630                ctimer_set_with_process
 .any.text.ctimer_set
                0x000000000000b67a       0x10 contiki-exp5438.a(ctimer.o)
                0x000000000000b67a                ctimer_set
 .any.text.ctimer_reset
                0x000000000000b68a       0x2c contiki-exp5438.a(ctimer.o)
                0x000000000000b68a                ctimer_reset
 .any.text.ctimer_restart
                0x000000000000b6b6       0x2c contiki-exp5438.a(ctimer.o)
                0x000000000000b6b6                ctimer_restart
 .any.text.ctimer_stop
                0x000000000000b6e2       0x28 contiki-exp5438.a(ctimer.o)
                0x000000000000b6e2                ctimer_stop
 .any.text.update_time
                0x000000000000b70a       0x70 contiki-exp5438.a(etimer.o)
 .any.text.etimer_request_poll
                0x000000000000b77a        0xa contiki-exp5438.a(etimer.o)
                0x000000000000b77a                etimer_request_poll
 .any.text.process_thread_etimer_process
                0x000000000000b784       0xc4 contiki-exp5438.a(etimer.o)
 .any.text.add_timer
                0x000000000000b848       0x40 contiki-exp5438.a(etimer.o)
 .any.text.etimer_set
                0x000000000000b888       0x12 contiki-exp5438.a(etimer.o)
                0x000000000000b888                etimer_set
 .any.text.etimer_reset
                0x000000000000b89a       0x12 contiki-exp5438.a(etimer.o)
                0x000000000000b89a                etimer_reset
 .any.text.etimer_restart
                0x000000000000b8ac       0x12 contiki-exp5438.a(etimer.o)
                0x000000000000b8ac                etimer_restart
 .any.text.etimer_expired
                0x000000000000b8be        0xe contiki-exp5438.a(etimer.o)
                0x000000000000b8be                etimer_expired
 .any.text.etimer_expiration_time
                0x000000000000b8cc       0x14 contiki-exp5438.a(etimer.o)
                0x000000000000b8cc                etimer_expiration_time
 .any.text.etimer_pending
                0x000000000000b8e0        0xc contiki-exp5438.a(etimer.o)
                0x000000000000b8e0                etimer_pending
 .any.text.etimer_next_expiration_time
                0x000000000000b8ec       0x16 contiki-exp5438.a(etimer.o)
                0x000000000000b8ec                etimer_next_expiration_time
 .any.text.etimer_stop
                0x000000000000b902       0x3e contiki-exp5438.a(etimer.o)
                0x000000000000b902                etimer_stop
 .any.text.log_6addr
                0x000000000000b940       0xbc contiki-exp5438.a(log-ng.o)
                0x000000000000b940                log_6addr
 .any.text.call_process
                0x000000000000b9fc       0x40 contiki-exp5438.a(process.o)
 .any.text.exit_process
                0x000000000000ba3c       0x88 contiki-exp5438.a(process.o)
 .any.text.do_poll
                0x000000000000bac4       0x30 contiki-exp5438.a(process.o)
 .any.text.process_alloc_event
                0x000000000000baf4        0xe contiki-exp5438.a(process.o)
                0x000000000000baf4                process_alloc_event
 .any.text.process_init
                0x000000000000bb02       0x1c contiki-exp5438.a(process.o)
                0x000000000000bb02                process_init
 .any.text.process_run
                0x000000000000bb1e       0x8c contiki-exp5438.a(process.o)
                0x000000000000bb1e                process_run
 .any.text.process_nevents
                0x000000000000bbaa        0xe contiki-exp5438.a(process.o)
                0x000000000000bbaa                process_nevents
 .any.text.process_post
                0x000000000000bbb8       0x4a contiki-exp5438.a(process.o)
                0x000000000000bbb8                process_post
 .any.text.process_post_synch
                0x000000000000bc02       0x12 contiki-exp5438.a(process.o)
                0x000000000000bc02                process_post_synch
 .any.text.process_start
                0x000000000000bc14       0x36 contiki-exp5438.a(process.o)
                0x000000000000bc14                process_start
 .any.text.process_poll
                0x000000000000bc4a       0x18 contiki-exp5438.a(process.o)
                0x000000000000bc4a                process_poll
 .any.text.rtimer_init
                0x000000000000bc62        0x6 contiki-exp5438.a(rtimer.o)
                0x000000000000bc62                rtimer_init
 .any.text.rtimer_run_next
                0x000000000000bc68       0x26 contiki-exp5438.a(rtimer.o)
                0x000000000000bc68                rtimer_run_next
 .any.text.energest_init
                0x000000000000bc8e       0x24 contiki-exp5438.a(energest.o)
                0x000000000000bc8e                energest_init
 .any.text.energest_type_time
                0x000000000000bcb2       0x3c contiki-exp5438.a(energest.o)
                0x000000000000bcb2                energest_type_time
 .any.text.energest_type_set
                0x000000000000bcee        0xc contiki-exp5438.a(energest.o)
                0x000000000000bcee                energest_type_set
 .any.text.energest_flush
                0x000000000000bcfa       0x38 contiki-exp5438.a(energest.o)
                0x000000000000bcfa                energest_flush
 .any.text.timer_set
                0x000000000000bd32       0x1c contiki-exp5438.a(timer.o)
                0x000000000000bd32                timer_set
 .any.text.timer_reset
                0x000000000000bd4e        0xe contiki-exp5438.a(timer.o)
                0x000000000000bd4e                timer_reset
 .any.text.timer_restart
                0x000000000000bd5c       0x14 contiki-exp5438.a(timer.o)
                0x000000000000bd5c                timer_restart
 .any.text.timer_expired
                0x000000000000bd70       0x2a contiki-exp5438.a(timer.o)
                0x000000000000bd70                timer_expired
 .any.text.timer_remaining
                0x000000000000bd9a       0x24 contiki-exp5438.a(timer.o)
                0x000000000000bd9a                timer_remaining
 .any.text.list_init
                0x000000000000bdbe        0x6 contiki-exp5438.a(list.o)
                0x000000000000bdbe                list_init
 .any.text.list_head
                0x000000000000bdc4        0x4 contiki-exp5438.a(list.o)
                0x000000000000bdc4                list_head
 .any.text.list_tail
                0x000000000000bdc8       0x12 contiki-exp5438.a(list.o)
                0x000000000000bdc8                list_tail
 .any.text.list_remove
                0x000000000000bdda       0x34 contiki-exp5438.a(list.o)
                0x000000000000bdda                list_remove
 .any.text.list_push
                0x000000000000be0e       0x16 contiki-exp5438.a(list.o)
                0x000000000000be0e                list_push
 .any.text.list_add
                0x000000000000be24       0x26 contiki-exp5438.a(list.o)
                0x000000000000be24                list_add
 .any.text.list_length
                0x000000000000be4a       0x10 contiki-exp5438.a(list.o)
                0x000000000000be4a                list_length
 .any.text.list_item_next
                0x000000000000be5a        0xc contiki-exp5438.a(list.o)
                0x000000000000be5a                list_item_next
 .any.text.memb_init
                0x000000000000be66       0x36 contiki-exp5438.a(memb.o)
                0x000000000000be66                memb_init
 .any.text.memb_alloc
                0x000000000000be9c       0x3e contiki-exp5438.a(memb.o)
                0x000000000000be9c                memb_alloc
 .any.text.memb_free
                0x000000000000beda       0x3a contiki-exp5438.a(memb.o)
                0x000000000000beda                memb_free
 .any.text.memb_inmemb
                0x000000000000bf14       0x2a contiki-exp5438.a(memb.o)
                0x000000000000bf14                memb_inmemb
 .any.text.random_rand
                0x000000000000bf3e        0x6 contiki-exp5438.a(random.o)
                0x000000000000bf3e                random_rand
 .any.text.uip_ds6_list_loop
                0x000000000000bf44       0x66 contiki-exp5438.a(uip-ds6.o)
                0x000000000000bf44                uip_ds6_list_loop
 .any.text.uip_ds6_prefix_add
                0x000000000000bfaa       0x70 contiki-exp5438.a(uip-ds6.o)
                0x000000000000bfaa                uip_ds6_prefix_add
 .any.text.uip_ds6_is_addr_onlink
                0x000000000000c01a       0x42 contiki-exp5438.a(uip-ds6.o)
                0x000000000000c01a                uip_ds6_is_addr_onlink
 .any.text.uip_ds6_addr_lookup
                0x000000000000c05c       0x2a contiki-exp5438.a(uip-ds6.o)
                0x000000000000c05c                uip_ds6_addr_lookup
 .any.text.uip_ds6_get_link_local
                0x000000000000c086       0x3e contiki-exp5438.a(uip-ds6.o)
                0x000000000000c086                uip_ds6_get_link_local
 .any.text.uip_ds6_maddr_add
                0x000000000000c0c4       0x48 contiki-exp5438.a(uip-ds6.o)
                0x000000000000c0c4                uip_ds6_maddr_add
 .any.text.uip_ds6_addr_add
                0x000000000000c10c       0xb4 contiki-exp5438.a(uip-ds6.o)
                0x000000000000c10c                uip_ds6_addr_add
 .any.text.uip_ds6_maddr_rm
                0x000000000000c1c0        0xa contiki-exp5438.a(uip-ds6.o)
                0x000000000000c1c0                uip_ds6_maddr_rm
 .any.text.uip_ds6_maddr_lookup
                0x000000000000c1ca       0x2a contiki-exp5438.a(uip-ds6.o)
                0x000000000000c1ca                uip_ds6_maddr_lookup
 .any.text.uip_ds6_addr_rm
                0x000000000000c1f4       0x54 contiki-exp5438.a(uip-ds6.o)
                0x000000000000c1f4                uip_ds6_addr_rm
 .any.text.uip_ds6_periodic
                0x000000000000c248       0x46 contiki-exp5438.a(uip-ds6.o)
                0x000000000000c248                uip_ds6_periodic
 .any.text.uip_ds6_set_addr_iid
                0x000000000000c28e       0x14 contiki-exp5438.a(uip-ds6.o)
                0x000000000000c28e                uip_ds6_set_addr_iid
 .any.text.get_match_length
                0x000000000000c2a2       0x3c contiki-exp5438.a(uip-ds6.o)
                0x000000000000c2a2                get_match_length
 .any.text.uip_ds6_select_src
                0x000000000000c2de       0x9a contiki-exp5438.a(uip-ds6.o)
                0x000000000000c2de                uip_ds6_select_src
 .any.text.uip_ds6_compute_reachable_time
                0x000000000000c378       0x36 contiki-exp5438.a(uip-ds6.o)
                0x000000000000c378                uip_ds6_compute_reachable_time
 .any.text.uip_ds6_init
                0x000000000000c3ae      0x13a contiki-exp5438.a(uip-ds6.o)
                0x000000000000c3ae                uip_ds6_init
 .any.text.uip_ds6_route_init
                0x000000000000c4e8       0x12 contiki-exp5438.a(uip-ds6-route.o)
                0x000000000000c4e8                uip_ds6_route_init
 .any.text.uip_ds6_route_nexthop
                0x000000000000c4fa        0x4 contiki-exp5438.a(uip-ds6-route.o)
                0x000000000000c4fa                uip_ds6_route_nexthop
 .any.text.uip_ds6_route_is_nexthop
                0x000000000000c4fe        0x4 contiki-exp5438.a(uip-ds6-route.o)
                0x000000000000c4fe                uip_ds6_route_is_nexthop
 .any.text.uip_ds6_route_lookup
                0x000000000000c502        0x4 contiki-exp5438.a(uip-ds6-route.o)
                0x000000000000c502                uip_ds6_route_lookup
 .any.text.uip_ds6_route_rm
                0x000000000000c506        0x2 contiki-exp5438.a(uip-ds6-route.o)
                0x000000000000c506                uip_ds6_route_rm
 .any.text.uip_ds6_defrt_rm
                0x000000000000c508       0x38 contiki-exp5438.a(uip-ds6-route.o)
                0x000000000000c508                uip_ds6_defrt_rm
 .any.text.uip_ds6_defrt_lookup
                0x000000000000c540       0x32 contiki-exp5438.a(uip-ds6-route.o)
                0x000000000000c540                uip_ds6_defrt_lookup
 .any.text.uip_ds6_defrt_add
                0x000000000000c572       0x5e contiki-exp5438.a(uip-ds6-route.o)
                0x000000000000c572                uip_ds6_defrt_add
 .any.text.uip_ds6_defrt_choose
                0x000000000000c5d0       0x36 contiki-exp5438.a(uip-ds6-route.o)
                0x000000000000c5d0                uip_ds6_defrt_choose
 .any.text.uip_ds6_defrt_periodic
                0x000000000000c606       0x38 contiki-exp5438.a(uip-ds6-route.o)
                0x000000000000c606                uip_ds6_defrt_periodic
 .any.text.chksum
                0x000000000000c63e       0x32 contiki-exp5438.a(uip6.o)
 .any.text.upper_layer_chksum
                0x000000000000c670       0x70 contiki-exp5438.a(uip6.o)
 .any.text.ext_hdr_options_process
                0x000000000000c6e0      0x110 contiki-exp5438.a(uip6.o)
 .any.text.uip_icmp6chksum
                0x000000000000c7f0        0xa contiki-exp5438.a(uip6.o)
                0x000000000000c7f0                uip_icmp6chksum
 .any.text.uip_udpchksum
                0x000000000000c7fa        0xa contiki-exp5438.a(uip6.o)
                0x000000000000c7fa                uip_udpchksum
 .any.text.uip_init
                0x000000000000c804       0x26 contiki-exp5438.a(uip6.o)
                0x000000000000c804                uip_init
 .any.text.remove_ext_hdr
                0x000000000000c82a       0x6e contiki-exp5438.a(uip6.o)
                0x000000000000c82a                remove_ext_hdr
 .any.text.uip_udp_new
                0x000000000000c898       0xa2 contiki-exp5438.a(uip6.o)
                0x000000000000c898                uip_udp_new
 .any.text.uip_process
                0x000000000000c93a      0x67a contiki-exp5438.a(uip6.o)
                0x000000000000c93a                uip_process
 .any.text.uip_htonl
                0x000000000000cfb4       0x2a contiki-exp5438.a(uip6.o)
                0x000000000000cfb4                uip_htonl
 .any.text.uip_ds6_nbr_rm
                0x000000000000cfde       0x1e contiki-exp5438.a(uip-ds6-nbr.o)
                0x000000000000cfde                uip_ds6_nbr_rm
 .any.text.uip_ds6_neighbors_init
                0x000000000000cffc       0x12 contiki-exp5438.a(uip-ds6-nbr.o)
                0x000000000000cffc                uip_ds6_neighbors_init
 .any.text.uip_ds6_nbr_add
                0x000000000000d00e       0x36 contiki-exp5438.a(uip-ds6-nbr.o)
                0x000000000000d00e                uip_ds6_nbr_add
 .any.text.uip_ds6_nbr_get_ll
                0x000000000000d044        0xc contiki-exp5438.a(uip-ds6-nbr.o)
                0x000000000000d044                uip_ds6_nbr_get_ll
 .any.text.uip_ds6_nbr_num
                0x000000000000d050       0x24 contiki-exp5438.a(uip-ds6-nbr.o)
                0x000000000000d050                uip_ds6_nbr_num
 .any.text.uip_ds6_nbr_lookup
                0x000000000000d074       0x3e contiki-exp5438.a(uip-ds6-nbr.o)
                0x000000000000d074                uip_ds6_nbr_lookup
 .any.text.uip_ds6_nbr_ll_lookup
                0x000000000000d0b2        0xc contiki-exp5438.a(uip-ds6-nbr.o)
                0x000000000000d0b2                uip_ds6_nbr_ll_lookup
 .any.text.uip_ds6_nbr_ipaddr_from_lladdr
                0x000000000000d0be        0x6 contiki-exp5438.a(uip-ds6-nbr.o)
                0x000000000000d0be                uip_ds6_nbr_ipaddr_from_lladdr
 .any.text.uip_ds6_nbr_lladdr_from_ipaddr
                0x000000000000d0c4       0x12 contiki-exp5438.a(uip-ds6-nbr.o)
                0x000000000000d0c4                uip_ds6_nbr_lladdr_from_ipaddr
 .any.text.uip_ds6_link_neighbor_callback
                0x000000000000d0d6       0x32 contiki-exp5438.a(uip-ds6-nbr.o)
                0x000000000000d0d6                uip_ds6_link_neighbor_callback
 .any.text.uip_nd6_init
                0x000000000000d108        0xa contiki-exp5438.a(uip-nd6.o)
                0x000000000000d108                uip_nd6_init
 .any.text.set_packet_attrs
                0x000000000000d112       0x46 contiki-exp5438.a(sicslowpan.o)
 .any.text.addr_context_lookup_by_number
                0x000000000000d158       0x30 contiki-exp5438.a(sicslowpan.o)
 .any.text.compress_addr_64
                0x000000000000d188       0x90 contiki-exp5438.a(sicslowpan.o)
 .any.text.uncompress_addr
                0x000000000000d218       0x92 contiki-exp5438.a(sicslowpan.o)
 .any.text.sicslowpan_init
                0x000000000000d2aa       0x24 contiki-exp5438.a(sicslowpan.o)
                0x000000000000d2aa                sicslowpan_init
 .any.text.addr_context_lookup_by_prefix
                0x000000000000d2ce       0x4a contiki-exp5438.a(sicslowpan.o)
 .any.text.packet_sent
                0x000000000000d318       0x22 contiki-exp5438.a(sicslowpan.o)
 .any.text.tcpip_output
                0x000000000000d33a       0x10 contiki-exp5438.a(tcpip.o)